Script started on Wed 28 Feb 2018 10:28:58 AM EST
bda5@wirth:~/214/labs/05$ javac -deprecation javc    script.javacrip[1P[1P[1P[1P[1@sp[1@l[1@i[1P[1@Split.java
bda5@wirth:~/214/labs/05$ jaca Split
bash: jaca: command not found
bda5@wirth:~/214/labs/05$ jac ca  va Split

To split a string, enter the string: 
hello

Enter the split position: 
3

The first part is hel
 and the second part is lo
bda5@wirth:~/214/labs/05$ cat Split.java
/* Split.java is a class and program that splits a string
 * into two substrings.
 * 
 * Begun by: Serita Nelesen
 * Completed by: Bryce Allen
 ***************************************************************/

import java.util.Scanner;

// java class Split
public class Split
{
  // main program
  public static void main(String[] args)
    {
      Scanner keyboard = new Scanner(System.in);
      // prompt for the string
      System.out.println("\nTo split a string, enter the string: ");
      String theString = keyboard.next();
      
      // prompt for splitting position
      System.out.println("\nEnter the split position: ");
      int position = keyboard.nextInt();

      //Create list, compute results and print
      String [] resultList = new String[2];
      splitter(theString, position, resultList);
      System.out.println("\nThe first part is " + resultList[0] + "\n and the second part is " + resultList[1]);
      
    }
  
  /* splitter() splits a string according to the position specified
   * Receive: 	theString - the string to be split
   * 		pos - the position at which to split
   *            resList - an array of strings in which to place results
   *****************************************************/
    public static void splitter(String theString, int pos, String[] resList)
    {
	resList[0] = theString.substring(0,pos);
	resList[1] = theString.substring(pos,theString.length());
    }
}
bda5@wirth:~/214/labs/05$ exit

Script done on Wed 28 Feb 2018 10:29:48 AM EST
Script started on Wed 28 Feb 2018 10:58:52 AM EST
bda5@wirth:~/214/labs/05$ cat Split.java[Kgnatmake split.adb
gcc-5 -c split.adb
gnatbind-5 -x split.ali
gnatlink-5 split.ali
bda5@wirth:~/214/labs/05$ ./split
To split a string, enter the string: hello
Enter the split position: 3
The first part is he                                      
 and the second part is llo                                     
bda5@wirth:~/214/labs/05$ cat split.adb
-- split.adb splits an input string about a specified position.
--
-- Input: Astring, a string,
--        Pos, an integer.
-- Precondition: pos is in Astring'Range.
-- Output: The substrings Astring(Astring'First..Pos-1) and
--                        Astring(Pos..Astring'Last).
--
-- Begun by: Dr. Adams, for CS 214 at Calvin College.
-- Completed by: Bryce Allen
-- Date:2/28/18
--------------------------------------------------------------

with Ada.Text_IO, Ada.Integer_Text_IO, Ada.Strings.Fixed;
use  Ada.Text_IO, Ada.Integer_Text_IO, Ada.Strings.Fixed;

procedure split is

   EMPTY_STRING : String := "                                        ";

   Astring, Part1, Part2 : String  := EMPTY_STRING;
   Pos, Chars_read       : Natural;

   ------------------------------------------------
   --  split() splits a string in two.           
   -- Receive: The_String, the string to be split,
   --          Position, the split index.        
   -- PRE: 0 < Position <= The_String.length(). 
   --     (Ada arrays are 1-relative by default)
   -- Passback: First_Part - the first substring,
   --           Last_Part - the second substring.
   ------------------------------------------------
   procedure split(
	     The_String: in String; Pos: in Integer; First_Part: out String; Second_Part: out String) is
   begin
      --First_Part := The_String(0 .. Pos);
      --Second_Part := The_String(Pos .. The_String'Length);
      Move(The_String(The_String'First .. Pos - 1), First_Part);
      Move(The_String(Pos .. The_String'Last), Second_Part);
   end Split;



begin                                           -- Prompt for input
   Put("To split a string, enter the string: ");
   Get_Line(Astring, Chars_Read);
   Put("Enter the split position: ");
   Get(Pos);

   split(Astring, Pos, Part1, Part2);

   Put("The first part is ");
   Put_Line(Part1);
   Put(" and the second part is ");
   Put_Line(Part2);

end split;

bda5@wirth:~/214/labs/05$ exit

Script done on Wed 28 Feb 2018 10:59:25 AM EST
;;; split.el splits a string into two substrings.
;;;
;;; Input: aString, the string to be split,
;;;        pos, the split position.
;;; Output: the substring of aString before pos, and
;;;         the substring of aString from pos onwards.
;;;
;;; Begun by: Dr. Adams, for CS 214 at Calvin College.
;;; Completed by: Bryce Allen
;;; Date: 2/28/18
;;;;;;;;;;;;;;;;;;;;;;;;;;;;;;;;;;;;;;;;;;;;;;;;;;;;;;;

;;;;;;;;;;;;;;;;;;;;;;;;;;;;;;;;;;;;;;;;;;;;;;;;;;;;;:;
;;; split() splits a string into its two substrings.  
;;; Receive: aString, the string to be split,         
;;;        pos, the split position.                   
;;; PRE: 0 <= pos < the length of aString.
;;; Return: the substring of aString before pos, and  
;;;         the substring of aString from pos onwards.
;;;;;;;;;;;;;;;;;;;;;;;;;;;;;;;;;;;;;;;;;;;;;;;;;;;;;;;

(defun split (aString pos)
  (setq first_part (substring aString 0 pos))
  (setq second_part (substring aString pos (length aString)))
  (list first_part second_part))

split

 

(defun main (aString pos)
  (interactive "sEnter the string to be split: \nnEnter the split position")
  (setq result (split aString pos))
  (setq part1 (elt result 0))
  (setq part2 (elt result 1))
  (message "The first part is %s and the second part is %s" part1 part2))

main


(main "hello" 0)

"The first part is  and the second part is hello"


(main "hello" 3)

"The first part is hel and the second part is lo"


(main "hello" 5)

"The first part is hello and the second part is "
Script started on Wed 28 Feb 2018 11:15:13 AM EST
bda5@wirth:~/214/labs/05$ ruby sc plit.rb
To split a string, enter the string: hello
Enter the split position: 3
The first part is: hel
and the second part is: lo
bda5@wirth:~/214/labs/05$ cat split.rb
# split.rb splits a string into two substrings.
#
# Input: A string and an integer string position to split the string by.
# Precondition: The position integer is within the range of the string size.
# Output: The substrings aString(0, position - 1) and
#   aString(pos, length() - 1).
#
# Begun by: Prof. Adams, for CS 214 at Calvin College.
# Completed by: Bryce Allen
# Date: 2/28/18
#################################################################


# split() splits a string into its two substrings.
# Receive: aString, the string to be split,       
#        pos, the split position.                  
# PRE: 0 <= pos < the length of aString.
# Return: the substring of aString before pos, and  
#         the substring of aString from pos onwards.
######################################################

def split(aString, pos)
  splitted = [aString[0, pos], aString[pos .. aString.size]]
  return splitted
end

def main
  print "To split a string, enter the string: "; 
  the_string = gets
  print "Enter the split position: "; 
  position = gets.to_i
  split_string = split(the_string, position)
  puts "The first part is: " << split_string[0]
  puts "and the second part is: " << split_string[1]
end

main
bda5@wirth:~/214/labs/05$ exit

Script done on Wed 28 Feb 2018 11:15:35 AM EST
